test content
append content
